  KOI         rf  LEAKED  TN=  4699 FP=   25 FN=   90 TP= 4749   P 0.995  R 0.981  F1 0.988
  KOI         rf  CLEAN   TN=  3745 FP=  979 FN=  486 TP= 4353   P 0.816  R 0.900  F1 0.856
  KOI         gb  LEAKED  TN=  4695 FP=   29 FN=   79 TP= 4760   P 0.994  R 0.984  F1 0.989
  KOI         gb  CLEAN   TN=  3734 FP=  990 FN=  447 TP= 4392   P 0.816  R 0.908  F1 0.859
  DIABETES    rf  LEAKED  TN= 12130 FP=34772 FN= 4594 TP=50270   P 0.591  R 0.916  F1 0.719
  DIABETES    rf  CLEAN   TN= 10173 FP=36729 FN= 3774 TP=51090   P 0.582  R 0.931  F1 0.716
  DIABETES    gb  LEAKED  TN= 12534 FP=34368 FN= 4386 TP=50478   P 0.595  R 0.920  F1 0.723
  DIABETES    gb  CLEAN   TN= 11444 FP=35458 FN= 4075 TP=50789   P 0.589  R 0.926  F1 0.720
  LC          rf  LEAKED  TN=  4290 FP= 2477 FN=   77 TP=32873   P 0.930  R 0.998  F1 0.963
  LC          rf  CLEAN   TN=   227 FP= 6540 FN=  183 TP=32767   P 0.834  R 0.994  F1 0.907
  LC          gb  LEAKED  TN=  3450 FP= 3317 FN=   67 TP=32883   P 0.908  R 0.998  F1 0.951
  LC          gb  CLEAN   TN=   499 FP= 6268 FN=  381 TP=32569   P 0.839  R 0.988  F1 0.907
  COMPAS      rf  LEAKED  TN=  3181 FP=  182 FN=    3 TP= 2806   P 0.939  R 0.999  F1 0.968
  COMPAS      rf  CLEAN   TN=  1475 FP= 1888 FN=  487 TP= 2322   P 0.552  R 0.827  F1 0.662
  COMPAS      gb  LEAKED  TN=  3185 FP=  178 FN=   14 TP= 2795   P 0.940  R 0.995  F1 0.967
  COMPAS      gb  CLEAN   TN=  1634 FP= 1729 FN=  561 TP= 2248   P 0.565  R 0.800  F1 0.663
  AI4I        rf  LEAKED  TN=  9661 FP=    0 FN=   30 TP=  309   P 1.000  R 0.912  F1 0.954
  AI4I        rf  CLEAN   TN=  9587 FP=   74 FN=   93 TP=  246   P 0.769  R 0.726  F1 0.747
  AI4I        gb  LEAKED  TN=  9660 FP=    1 FN=   82 TP=  257   P 0.996  R 0.758  F1 0.861
  AI4I        gb  CLEAN   TN=  9567 FP=   94 FN=   94 TP=  245   P 0.723  R 0.723  F1 0.723
  TITANIC     rf  LEAKED  TN=   796 FP=   13 FN=   23 TP=  477   P 0.973  R 0.954  F1 0.964
  TITANIC     rf  CLEAN   TN=   651 FP=  158 FN=  129 TP=  371   P 0.701  R 0.742  F1 0.721
  TITANIC     gb  LEAKED  TN=   799 FP=   10 FN=   25 TP=  475   P 0.979  R 0.950  F1 0.964
  TITANIC     gb  CLEAN   TN=   694 FP=  115 FN=  139 TP=  361   P 0.758  R 0.722  F1 0.740
  BANK        rf  LEAKED  TN=  2174 FP= 3115 FN= 1158 TP=38764   P 0.926  R 0.971  F1 0.948
  BANK        rf  CLEAN   TN=   944 FP= 4345 FN=  461 TP=39461   P 0.901  R 0.988  F1 0.943
  BANK        gb  LEAKED  TN=  2604 FP= 2685 FN= 1537 TP=38385   P 0.935  R 0.961  F1 0.948
  BANK        gb  CLEAN   TN=   924 FP= 4365 FN=  430 TP=39492   P 0.900  R 0.989  F1 0.943
  SUPPORT2    rf  LEAKED  TN=  2713 FP=  191 FN=  455 TP= 5746   P 0.968  R 0.927  F1 0.947
  SUPPORT2    rf  CLEAN   TN=  1682 FP= 1222 FN=  690 TP= 5511   P 0.819  R 0.889  F1 0.852
  SUPPORT2    gb  LEAKED  TN=  2862 FP=   42 FN=  279 TP= 5922   P 0.993  R 0.955  F1 0.974
  SUPPORT2    gb  CLEAN   TN=  1684 FP= 1220 FN=  630 TP= 5571   P 0.820  R 0.898  F1 0.858
  BONEMARROW  rf  LEAKED  TN=   101 FP=    1 FN=   10 TP=   75   P 0.987  R 0.882  F1 0.932
  BONEMARROW  rf  CLEAN   TN=     6 FP=   96 FN=    2 TP=   83   P 0.464  R 0.976  F1 0.629
  BONEMARROW  gb  LEAKED  TN=    97 FP=    5 FN=   11 TP=   74   P 0.937  R 0.871  F1 0.902
  BONEMARROW  gb  CLEAN   TN=     9 FP=   93 FN=    6 TP=   79   P 0.459  R 0.929  F1 0.615
  HEARTFAIL   rf  LEAKED  TN=   171 FP=   32 FN=   18 TP=   78   P 0.709  R 0.812  F1 0.757
  HEARTFAIL   rf  CLEAN   TN=   144 FP=   59 FN=   27 TP=   69   P 0.539  R 0.719  F1 0.616
  HEARTFAIL   gb  LEAKED  TN=   180 FP=   23 FN=   26 TP=   70   P 0.753  R 0.729  F1 0.741
  HEARTFAIL   gb  CLEAN   TN=   144 FP=   59 FN=   27 TP=   69   P 0.539  R 0.719  F1 0.616
  STEEL       rf  LEAKED  TN=  1261 FP=    7 FN=    6 TP=  667   P 0.990  R 0.991  F1 0.990
  STEEL       rf  CLEAN   TN=  1020 FP=  248 FN=  143 TP=  530   P 0.681  R 0.788  F1 0.731
  STEEL       gb  LEAKED  TN=  1267 FP=    1 FN=    0 TP=  673   P 0.999  R 1.000  F1 0.999
  STEEL       gb  CLEAN   TN=  1035 FP=  233 FN=  168 TP=  505   P 0.684  R 0.750  F1 0.716
  ECHO        rf  LEAKED  TN=    97 FP=   10 FN=    6 TP=   18   P 0.643  R 0.750  F1 0.692
  ECHO        rf  CLEAN   TN=    95 FP=   12 FN=    6 TP=   18   P 0.600  R 0.750  F1 0.667
  ECHO        gb  LEAKED  TN=    94 FP=   13 FN=    4 TP=   20   P 0.606  R 0.833  F1 0.702
  ECHO        gb  CLEAN   TN=    96 FP=   11 FN=    4 TP=   20   P 0.645  R 0.833  F1 0.727

wrote confusion.csv (48 rows)
