2026-08-15T19:24:10  guard up, watching 5 jobs
2026-08-15T19:26:11  guard up, watching 6 jobs
2026-08-15T19:30:11  heartbeat: 6 healthy, 0 retired
2026-08-15T19:31:00  guard up, watching 7 jobs
2026-08-15T19:32:29  guard up, watching 7 jobs
2026-08-15T19:45:30  heartbeat: 7 healthy, 0 retired
2026-08-15T20:00:31  heartbeat: 7 healthy, 0 retired
2026-08-15T20:15:32  heartbeat: 7 healthy, 0 retired
2026-08-15T20:30:33  heartbeat: 7 healthy, 0 retired
2026-08-15T20:45:34  heartbeat: 7 healthy, 0 retired
2026-08-15T21:00:35  heartbeat: 7 healthy, 0 retired
2026-08-15T21:15:36  heartbeat: 7 healthy, 0 retired
2026-08-15T21:30:37  heartbeat: 7 healthy, 0 retired
2026-08-15T21:45:38  heartbeat: 7 healthy, 0 retired
2026-08-15T22:00:39  heartbeat: 7 healthy, 0 retired
2026-08-15T22:13:40  DEAD hf_harvest: no process
2026-08-15T22:13:40  RELAUNCHED hf_harvest
2026-08-15T22:15:41  DEAD hf_harvest: no process
2026-08-15T22:15:41  RELAUNCHED hf_harvest
2026-08-15T22:15:41  heartbeat: 6 healthy, 0 retired
2026-08-15T22:17:41  DEAD hf_harvest: no process
2026-08-15T22:17:41  RELAUNCHED hf_harvest
2026-08-15T22:19:41  DEAD hf_harvest: no process
2026-08-15T22:19:41  RELAUNCHED hf_harvest
2026-08-15T22:21:41  DEAD hf_harvest: no process
2026-08-15T22:21:41  RELAUNCHED hf_harvest
2026-08-15T22:23:12  guard up, watching 7 jobs
2026-08-15T22:30:12  heartbeat: 6 healthy, 1 retired
2026-08-15T22:45:13  heartbeat: 6 healthy, 1 retired
2026-08-15T23:00:14  heartbeat: 6 healthy, 1 retired
2026-08-15T23:12:14  DEAD sweep_models: no process
2026-08-15T23:12:14  RELAUNCHED sweep_models
2026-08-15T23:13:14  RETIRED openml_harvest (completion marker present)
2026-08-15T23:15:14  heartbeat: 5 healthy, 2 retired
2026-08-15T23:23:15  DEAD sweep_stratb: no process
2026-08-15T23:23:15  RELAUNCHED sweep_stratb
2026-08-15T23:26:15  DEAD sweep_models: no process
2026-08-15T23:26:15  RELAUNCHED sweep_models
2026-08-15T23:30:15  heartbeat: 5 healthy, 2 retired
2026-08-15T23:34:14  guard up, watching 7 jobs
2026-08-15T23:34:14  DEAD sweep_models: no process
2026-08-15T23:34:14  RELAUNCHED sweep_models
2026-08-15T23:45:15  heartbeat: 4 healthy, 3 retired
2026-08-16T00:00:15  heartbeat: 4 healthy, 3 retired
2026-08-16T00:15:16  heartbeat: 4 healthy, 3 retired
2026-08-16T00:30:16  heartbeat: 4 healthy, 3 retired
2026-08-16T00:45:17  heartbeat: 4 healthy, 3 retired
2026-08-16T01:00:17  heartbeat: 4 healthy, 3 retired
2026-08-16T01:15:18  heartbeat: 4 healthy, 3 retired
2026-08-16T01:30:18  heartbeat: 4 healthy, 3 retired
2026-08-16T01:45:19  heartbeat: 4 healthy, 3 retired
2026-08-16T02:00:19  heartbeat: 4 healthy, 3 retired
2026-08-16T02:00:29  guard up, watching 7 jobs
2026-08-16T02:00:29  heartbeat: 4 healthy, 3 retired
2026-08-16T02:15:29  RETIRED kaggle_enrich (completion marker present)
2026-08-16T02:15:29  heartbeat: 3 healthy, 4 retired
2026-08-16T02:30:29  heartbeat: 3 healthy, 4 retired
2026-08-16T02:45:29  heartbeat: 3 healthy, 4 retired
2026-08-16T02:59:29  DEAD memcheck_loop: no process
2026-08-16T02:59:29  RELAUNCHED memcheck_loop
2026-08-16T02:59:29  DEAD sweep_stratb: no process
2026-08-16T02:59:29  RELAUNCHED sweep_stratb
2026-08-16T02:59:58  guard up, watching 7 jobs
2026-08-16T03:00:29  heartbeat: 3 healthy, 4 retired
2026-08-16T03:00:58  heartbeat: 3 healthy, 4 retired
2026-08-16T03:14:53  guard up, watching 7 jobs
2026-08-16T03:14:53  DEAD memcheck_loop: no process
2026-08-16T03:14:53  RELAUNCHED memcheck_loop
2026-08-16T03:14:53  DEAD sweep_stratb: no process
2026-08-16T03:14:53  RELAUNCHED sweep_stratb
2026-08-16T03:14:53  DEAD sweep_stratc: no process
2026-08-16T03:14:53  RELAUNCHED sweep_stratc
2026-08-16T03:15:53  heartbeat: 3 healthy, 4 retired
2026-08-16T03:30:53  heartbeat: 3 healthy, 4 retired
2026-08-16T03:45:53  heartbeat: 3 healthy, 4 retired
