130 real, non-mirror candidate datasets to anchor

  [7/130] andrewmvd/isic-2019                                     SKIP exceeds 250 MB cap
  [13/130] cathetorres/geospatial-environmental-and-socioeconomic- SKIP exceeds 250 MB cap
  [14/130] cdminix/us-drought-meteorological-data                  SKIP exceeds 250 MB cap
  [17/130] cosjo11/citeseqscrnaseqproteins-challenge-neurips2021   SKIP exceeds 250 MB cap
  [24/130] dexterlewis/epri-distribution-inspection-imagery           2 cols  no anchor
  [28/130] epa/hazardous-air-pollutants                            SKIP exceeds 250 MB cap
  [31/130] fernandosr85/falabr-govbench-curation                     29 cols  no anchor
  [33/130] garmeeh/news-emotional-impact-and-sentiment               27 cols  no anchor
  [37/130] haydenfarquhar/pet-fm-bench-fm-saturation-diagnostic      14 cols  ANCHORED 1
  [38/130] hsrobo/titlebased-semantic-subject-indexing             SKIP exceeds 250 MB cap
  [42/130] jazzang/opioid-overdose-deaths                             8 cols  no anchor
  [50/130] lucalullo/italy-crime-by-province-nuts3-2014-2023          4 cols  no anchor
  [51/130] lucashmateo/earnings-call-counterfactual-grounding-audi   18 cols  no anchor
  [71/130] nightfury007/ham10000-isic2018-raw                      SKIP exceeds 250 MB cap
  [72/130] nikitamanaenkov/meda-mars-weather-and-atmosphere-sensor SKIP exceeds 250 MB cap
  [73/130] noeyislearning/census-of-individual-trees                 10 cols  no anchor
  [78/130] osroru/copper-wire-production-line-dataset                 8 cols  no anchor
  [85/130] retailrocket/ecommerce-dataset                          SKIP exceeds 250 MB cap
  [89/130] salviohexia/isic-2019-skin-lesion-images-for-classifica SKIP exceeds 250 MB cap
  [93/130] saurabhshahane/crimes-in-india                            92 cols  no anchor
  [94/130] saurabhshahane/district-and-taluk-court-cases            126 cols  no anchor
  [95/130] saurabhshahane/district-level-climate-vulnerability-ind  195 cols  no anchor
  [96/130] saurabhshahane/high-court-cases-in-india                 131 cols  no anchor
  [99/130] seanmichaelcuaycong/epic-deficiency-analysis-revenue-in    6 cols  no anchor
  [102/130] shreyanmohanty/oasis-alzheimers-detection-multi-class-d SKIP exceeds 250 MB cap
  [103/130] skylord/india-migration-census-2011                        6 cols  no anchor
  [104/130] sohaibdevv/detecting-fake-job-postings-and-internship-s    9 cols  no anchor
  [105/130] sreevishnudamodaran/hubmap-512x512-augmented            SKIP exceeds 250 MB cap
  [110/130] tobyanderson/us-census-1990                               69 cols  ANCHORED 1
  [116/130] vai136/ibm-aml-stateful-behavioral-fraud-dataset        SKIP exceeds 250 MB cap

117 datasets with a readable header; 13 unreadable (NOT counted as 'no anchor')
30 datasets have a surviving sentence that names a real column
  anchoring rate 25.6% of readable datasets  (registered P2 predicted under 50%)

  EU AI Act Risk Register 2026 | 42 AI Systems
  https://www.kaggle.com/datasets/alitaqishah/eu-ai-act-risk-register-2026-42-ai-systems
    (WARN/'must be removed') -> ['market_withdrawal_required']
      | `market_withdrawal_required` | Boolean — must be removed from EU market |

  Janatahack: Healthcare Analytics Part 2
  https://www.kaggle.com/datasets/anmolkumar/janatahack-healthcare-analytics-part-2
    (WARN/'at the time of admission') -> ['Stay']
      This parameter helps hospitals to identify patients of high LOS risk (patients who will stay longer) at the time of admission.

  Twitter User Gender Classification
  https://www.kaggle.com/datasets/crowdflower/twitter-user-gender-classification
    (WARN/'not available when') -> ['profile_yn']
      - **profile_yn**: "no" here seems to mean that the profile was meant to be part of the dataset but was not available when contributors went to judge it

  AV : Healthcare Analytics II
  https://www.kaggle.com/datasets/nehaprabhavalkar/av-healthcare-analytics-ii
    (WARN/'at the time of admission') -> ['Stay']
      This parameter helps hospitals to identify patients of high LOS risk (patients who will stay longer) at the time of admission.

  World Energy Consumption
  https://www.kaggle.com/datasets/pralabhpoudel/world-energy-consumption
    (WARN/'was removed from') -> ['carbon_intensity_elec']
      - The `carbon_intensity_elec` column was removed from the energy dataset (since no updated data was available).

  Classification Student Dropout
  https://www.kaggle.com/datasets/sayedsalem/classification-student-dropout
    (WARN/'at the time of enrollment') -> ['Age at enrollment']
      - **Age at enrollment:** Age of the student at the time of enrollment.

  Health Care Analytics - 2
  https://www.kaggle.com/datasets/vetrirah/av-healthcare2
    (WARN/'at the time of admission') -> ['Stay']
      This parameter helps hospitals to identify patients of high LOS risk (patients who will stay longer) at the time of admission.

  Tree Survival Prediction
  https://www.kaggle.com/datasets/yekenot/tree-survival-prediction
    (WARN/'was removed from') -> ['Core', 'Soil']
      * **Core**: Year the soil core was removed from the field.

  COVID-19 Hospitals Treatment Plan
  https://www.kaggle.com/datasets/arashnic/covid19-hospital-treatment
    (WARN/'at the time of admission') -> ['Illness_Severity']
      - Illness_Severity | Severity of the illness recorded at the time of admission | ['Extreme' 'Moderate' 'Minor']

  A&E attendances England
  https://www.kaggle.com/datasets/treich/ae-attendances-england
    (DEFINE/'total of the above') -> ['Total attendances']
      - Total attendances: The total of the above.

  Clinical Prediction and RAG Knowledge Base Dataset
  https://www.kaggle.com/datasets/dataset066/clinical-prediction-and-rag-knowledge-base-dataset
    (WARN/'should not be used') -> ['patient_id']
      The patient_id column is an identifier and should not be used as a predictive feature.

  Sloan Digital Sky Survey DR14
  https://www.kaggle.com/datasets/lucidlenn/sloan-digital-sky-survey
    (WARN/'circular') -> ['plate']
      Each spectroscopic exposure employs a large, thin, circular metal **plate** that positions optical fibers via holes drilled at the locations of the images in the telescope focal plane.

  Weight Among Adults
  https://www.kaggle.com/datasets/melissamonfared/weight-among-adults
    (DEFINE/'Indicator for the') -> ['INDICATOR']
      | **INDICATOR** | Indicator for the data type, e.g., Normal weight |

  U.S. Renewable Energy Consumption
  https://www.kaggle.com/datasets/alistairking/renewable-energy-consumption-in-the-u-s
    (DEFINE/'sum of the other') -> ['Total Renewable Energy']
      - You most likely want to exclude the column titled `Total Renewable Energy` from your comparative analysis across fuel types as it represents the sum of the others

  AV JanataHack Healthcare Hackathon II
  https://www.kaggle.com/datasets/blessondensil294/av-janatahack-healthcare-hackathon-ii
    (WARN/'at the time of admission') -> ['Stay']
      This parameter helps hospitals to identify patients of high LOS risk (patients who will stay longer) at the time of admission.

  Intelligent Logistics Route Dataset
  https://www.kaggle.com/datasets/colabsss/intelligent-logistics-route-dataset
    (DEFINE/'indicator for the') -> ['predicted_traffic_index']
      predicted_traffic_index — Estimated traffic intensity indicator for the transportation route.

  Manufacturing Defects -  Industry Dataset
  https://www.kaggle.com/datasets/gabrielsantello/manufacturing-defects-industry-dataset
    (WARN/'are removed from') -> ['Defects']
      Items at various stages of production are removed from the process and inspected for defects.

  Predict Employee absenteeism
  https://www.kaggle.com/datasets/harriken/predict-employee-ausentism
    (WARN/'was removed from') -> ['deletedOn', 'from']
      -deletedOn: When it was removed from Happyforce (Note: not all the entries have these information since that feature was added later)

  Geophone Sensor Dataset
  https://www.kaggle.com/datasets/sezginfurkan/geophone-sensor-dataset
    (DEFINE/'one of the three categor') -> ['activity']
      Each person’s activity is classified into one of the three categories: walking, running, or standing still.

  Retail Sales Forecasting
  https://www.kaggle.com/datasets/tevecsystems/retail-sales-forecasting
    (WARN/'would not be available') -> ['data']
      This data would not be available without the full collaboration from our customers who understand that sharing their core and strategical information has more advantages than possible hazards.

  Janatahack: Healthcare Analytics II
  https://www.kaggle.com/datasets/vin1234/janatahack-healthcare-analytics-ii
    (WARN/'at the time of admission') -> ['Stay']
      This parameter helps hospitals to identify patients of high LOS risk (patients who will stay longer) at the time of admission.

  Pisa 2018 Romania
  https://www.kaggle.com/datasets/crischir/pisa-2018-romania
    (WARN/'should not be considered') -> ['OECD']
      In cases of translations of such extracts, You must include the following disclaimer: “This translation was not created by the OECD and should not be considered an official OECD translation.

  CERN Electron Collision Data
  https://www.kaggle.com/datasets/fedesoriano/cern-electron-collision-data
    (DEFINE/'number of the event') -> ['Event', 'Run']
      1) Run: The run number of the event.

  Veterans’ Lung Cancer Clinical Trial Dataset
  https://www.kaggle.com/datasets/harivpatel/veterans-lung-cancer-clinical-trial-dataset
    (WARN/'at the time of enrollment') -> ['TIME', 'age']
      | `age_years` | Age of patient at the time of enrollment |

  energy-data
  https://www.kaggle.com/datasets/mdkhurshidjahan01/energy-data
    (WARN/'was removed from') -> ['carbon_intensity_elec', 'column']
      The carbon_intensity_elec column was removed from the energy dataset (since no updated data was available).

  Heatwave Dataset (Rajasthan, India, 2006-2025)
  https://www.kaggle.com/datasets/rupsarroy/heatwave-dataset-rajasthan-india-2006-2025
    (DEFINE/'label is created using') -> ['HEATWAVE']
      The heatwave label is created using extreme temperature conditions from the dataset.

  IoT Agriculture 2024
  https://www.kaggle.com/datasets/wisam1985/iot-agriculture-2024
    (DEFINE/'Indicator for the') -> ['Fan_actuator_OFF']
      Fan_actuator_OFF (float64): Indicator for the fan actuator if it is off (0 or 1).
    (DEFINE/'Indicator for the') -> ['Fan_actuator_ON']
      Fan_actuator_ON (float64): Indicator for the fan actuator if it is on (0 or 1).
    (DEFINE/'Indicator for the') -> ['Watering_plant_pump_OFF']
      Watering_plant_pump_OFF (float64): Indicator for the plant watering pump if it is off (0 or 1).
    (DEFINE/'Indicator for the') -> ['Watering_plant_pump_ON']
      Watering_plant_pump_ON (float64): Indicator for the plant watering pump if it is on (0 or 1).
    (DEFINE/'Indicator for the') -> ['Water_pump_actuator_OFF']
      Water_pump_actuator_OFF (float64): Indicator for the water pump actuator if it is off (0 or 1).
    (DEFINE/'Indicator for the') -> ['Water_pump_actuator_ON']
      Water_pump_actuator_ON (float64): Indicator for the water pump actuator if it is on (0 or 1).

  Online Course Student Engagement Metrics
  https://www.kaggle.com/datasets/thedevastator/online-course-student-engagement-metrics
    (DEFINE/'number of events') -> ['nchapters', 'ndays_act', 'nevents', 'nforum_posts']
      Human-Computer Interaction (HCI) metrics present another valuable perspective - These include specific actions performed by students during their learning process: number of events taking place while interacting with dig

  PET-FM-Bench: T1 saturation diagnostic (FMCIB)
  https://www.kaggle.com/datasets/haydenfarquhar/pet-fm-bench-fm-saturation-diagnostic
    (WARN/'trivial classification') -> ['task']
      The saturation reflects SUV-threshold negative-sampling structure (lesion vs SUV less than 2.5 background is a near-trivial classification task at scale), not genuine FM transfer ability.

  US census 1990
  https://www.kaggle.com/datasets/tobyanderson/us-census-1990
    (WARN/'should be ignored') -> ['caseid']
      The first attribute is a caseid and should be ignored during analysis.

unreadable, listed so they are not mistaken for negatives:
  andrewmvd/isic-2019                                         exceeds 250 MB cap
  cathetorres/geospatial-environmental-and-socioeconomic-data exceeds 250 MB cap
  cdminix/us-drought-meteorological-data                      exceeds 250 MB cap
  epa/hazardous-air-pollutants                                exceeds 250 MB cap
  nightfury007/ham10000-isic2018-raw                          exceeds 250 MB cap
  salviohexia/isic-2019-skin-lesion-images-for-classification exceeds 250 MB cap
  shreyanmohanty/oasis-alzheimers-detection-multi-class-datasetexceeds 250 MB cap
  sreevishnudamodaran/hubmap-512x512-augmented                exceeds 250 MB cap
  vai136/ibm-aml-stateful-behavioral-fraud-dataset            exceeds 250 MB cap
  nikitamanaenkov/meda-mars-weather-and-atmosphere-sensor-dataexceeds 250 MB cap
  retailrocket/ecommerce-dataset                              exceeds 250 MB cap
  cosjo11/citeseqscrnaseqproteins-challenge-neurips2021       exceeds 250 MB cap
  hsrobo/titlebased-semantic-subject-indexing                 exceeds 250 MB cap
