8694 indexed | 2332 enriched | 0 dead | 6362 to fetch
    2357 enriched     0 dead    6337 left  delay=1.0s
    2382 enriched     0 dead    6312 left  delay=1.0s
    2407 enriched     0 dead    6287 left  delay=1.0s
    2432 enriched     0 dead    6262 left  delay=1.0s
    2457 enriched     0 dead    6237 left  delay=1.0s
    2482 enriched     0 dead    6212 left  delay=1.0s
    2507 enriched     0 dead    6187 left  delay=1.0s
    2532 enriched     0 dead    6162 left  delay=1.0s
    2557 enriched     0 dead    6137 left  delay=1.0s
    2582 enriched     0 dead    6112 left  delay=1.0s
    2607 enriched     0 dead    6087 left  delay=1.0s
    2632 enriched     0 dead    6062 left  delay=1.0s
    2657 enriched     0 dead    6037 left  delay=1.0s
    2682 enriched     0 dead    6012 left  delay=1.0s
    2707 enriched     0 dead    5987 left  delay=1.0s
    2732 enriched     0 dead    5962 left  delay=1.0s
    2757 enriched     0 dead    5937 left  delay=1.0s
    2782 enriched     0 dead    5912 left  delay=1.0s
    2807 enriched     0 dead    5887 left  delay=1.0s
    2832 enriched     0 dead    5862 left  delay=1.0s
    2857 enriched     0 dead    5837 left  delay=1.0s
    2882 enriched     0 dead    5812 left  delay=1.0s
    2907 enriched     0 dead    5787 left  delay=1.0s
    2932 enriched     0 dead    5762 left  delay=1.0s
    2957 enriched     0 dead    5737 left  delay=1.0s
    2982 enriched     0 dead    5712 left  delay=1.0s
    3007 enriched     0 dead    5687 left  delay=1.0s
    3032 enriched     0 dead    5662 left  delay=1.0s
    3057 enriched     0 dead    5637 left  delay=1.0s
    3082 enriched     0 dead    5612 left  delay=1.0s
    3107 enriched     0 dead    5587 left  delay=1.0s
    3132 enriched     0 dead    5562 left  delay=1.0s
    3157 enriched     0 dead    5537 left  delay=1.0s
    3182 enriched     0 dead    5512 left  delay=1.0s
    3207 enriched     0 dead    5487 left  delay=1.0s
    3232 enriched     0 dead    5462 left  delay=1.0s
    3257 enriched     0 dead    5437 left  delay=1.0s
    3282 enriched     0 dead    5412 left  delay=1.0s
    3307 enriched     0 dead    5387 left  delay=1.0s
    3332 enriched     0 dead    5362 left  delay=1.0s
    3357 enriched     0 dead    5337 left  delay=1.0s
    3382 enriched     0 dead    5312 left  delay=1.0s
    3407 enriched     0 dead    5287 left  delay=1.0s
    3432 enriched     0 dead    5262 left  delay=1.0s
    3457 enriched     0 dead    5237 left  delay=1.0s
    3482 enriched     0 dead    5212 left  delay=1.0s
    3507 enriched     0 dead    5187 left  delay=1.0s
    3532 enriched     0 dead    5162 left  delay=1.0s
    3557 enriched     0 dead    5137 left  delay=1.0s
    3582 enriched     0 dead    5112 left  delay=1.0s
    3607 enriched     0 dead    5087 left  delay=1.0s
    3632 enriched     0 dead    5062 left  delay=1.0s
    3657 enriched     0 dead    5037 left  delay=1.0s
    3682 enriched     0 dead    5012 left  delay=1.0s
    3707 enriched     0 dead    4987 left  delay=1.0s
    3732 enriched     0 dead    4962 left  delay=1.0s
    3757 enriched     0 dead    4937 left  delay=1.0s
    3782 enriched     0 dead    4912 left  delay=1.0s
    3807 enriched     0 dead    4887 left  delay=1.0s
    3832 enriched     0 dead    4862 left  delay=1.0s
    3857 enriched     0 dead    4837 left  delay=2.5s
    3882 enriched     0 dead    4812 left  delay=2.7s
    3907 enriched     0 dead    4787 left  delay=2.8s
    3932 enriched     0 dead    4762 left  delay=3.0s
    3957 enriched     0 dead    4737 left  delay=2.4s
    3982 enriched     0 dead    4712 left  delay=2.6s
    4007 enriched     0 dead    4687 left  delay=2.0s
    4032 enriched     0 dead    4662 left  delay=2.9s
    4057 enriched     0 dead    4637 left  delay=2.3s
    4082 enriched     0 dead    4612 left  delay=2.5s
    4107 enriched     0 dead    4587 left  delay=2.7s
    4132 enriched     0 dead    4562 left  delay=2.8s
    4157 enriched     0 dead    4537 left  delay=3.0s
    4182 enriched     0 dead    4512 left  delay=3.3s
    4207 enriched     0 dead    4487 left  delay=2.6s
    4232 enriched     0 dead    4462 left  delay=2.8s
    4257 enriched     0 dead    4437 left  delay=2.9s
    4282 enriched     0 dead    4412 left  delay=2.3s
    4307 enriched     0 dead    4387 left  delay=2.5s
    4332 enriched     0 dead    4362 left  delay=2.7s
    4357 enriched     0 dead    4337 left  delay=2.9s
    4382 enriched     0 dead    4312 left  delay=3.0s
    4407 enriched     0 dead    4287 left  delay=2.4s
    4432 enriched     0 dead    4262 left  delay=2.6s
    4457 enriched     0 dead    4237 left  delay=2.8s
    4482 enriched     0 dead    4212 left  delay=3.0s
    4507 enriched     0 dead    4187 left  delay=3.2s
    4532 enriched     0 dead    4162 left  delay=2.5s
    4557 enriched     0 dead    4137 left  delay=2.7s
    4582 enriched     0 dead    4112 left  delay=2.9s
    4607 enriched     0 dead    4087 left  delay=3.1s
    4632 enriched     0 dead    4062 left  delay=2.4s
    4657 enriched     0 dead    4037 left  delay=2.6s
    4682 enriched     0 dead    4012 left  delay=2.8s
    4707 enriched     0 dead    3987 left  delay=3.0s
    4732 enriched     0 dead    3962 left  delay=2.3s
    4757 enriched     0 dead    3937 left  delay=3.4s
    4782 enriched     0 dead    3912 left  delay=2.7s
    4807 enriched     0 dead    3887 left  delay=2.9s
    4832 enriched     0 dead    3862 left  delay=3.1s
    4857 enriched     0 dead    3837 left  delay=3.3s
    4882 enriched     0 dead    3812 left  delay=2.6s
    4907 enriched     0 dead    3787 left  delay=2.8s
    4932 enriched     0 dead    3762 left  delay=3.0s
    4957 enriched     0 dead    3737 left  delay=3.2s
    4982 enriched     0 dead    3712 left  delay=2.5s
    5007 enriched     0 dead    3687 left  delay=2.7s
    5032 enriched     0 dead    3662 left  delay=2.9s
    5057 enriched     0 dead    3637 left  delay=3.1s
    5082 enriched     0 dead    3612 left  delay=2.4s
    5107 enriched     0 dead    3587 left  delay=2.6s
    5132 enriched     0 dead    3562 left  delay=2.8s
    5157 enriched     0 dead    3537 left  delay=3.0s
    5182 enriched     0 dead    3512 left  delay=2.4s
    5207 enriched     0 dead    3487 left  delay=2.5s
    5232 enriched     0 dead    3462 left  delay=2.7s
    5257 enriched     0 dead    3437 left  delay=2.9s
    5282 enriched     0 dead    3412 left  delay=3.1s
    5307 enriched     0 dead    3387 left  delay=2.4s
    5332 enriched     0 dead    3362 left  delay=2.6s
    5357 enriched     0 dead    3337 left  delay=2.8s
    5382 enriched     0 dead    3312 left  delay=3.0s
    5407 enriched     0 dead    3287 left  delay=3.2s
    5432 enriched     0 dead    3262 left  delay=2.5s
    5457 enriched     0 dead    3237 left  delay=2.7s
    5482 enriched     0 dead    3212 left  delay=2.9s
    5507 enriched     0 dead    3187 left  delay=2.3s
    5532 enriched     0 dead    3162 left  delay=2.4s
    5557 enriched     0 dead    3137 left  delay=2.6s
    5582 enriched     0 dead    3112 left  delay=2.8s
    5607 enriched     0 dead    3087 left  delay=3.0s
    5632 enriched     0 dead    3062 left  delay=2.4s
    5657 enriched     0 dead    3037 left  delay=2.5s
    5682 enriched     0 dead    3012 left  delay=2.7s
    5707 enriched     0 dead    2987 left  delay=2.9s
    5732 enriched     0 dead    2962 left  delay=2.3s
    5757 enriched     0 dead    2937 left  delay=2.4s
    5782 enriched     0 dead    2912 left  delay=2.6s
    5807 enriched     0 dead    2887 left  delay=2.8s
    5832 enriched     0 dead    2862 left  delay=3.0s
    5857 enriched     0 dead    2837 left  delay=3.2s
    5882 enriched     0 dead    2812 left  delay=2.5s
    5907 enriched     0 dead    2787 left  delay=2.7s
    5932 enriched     0 dead    2762 left  delay=2.9s
    5957 enriched     0 dead    2737 left  delay=2.3s
    5982 enriched     0 dead    2712 left  delay=2.5s
    6007 enriched     0 dead    2687 left  delay=2.6s
    6032 enriched     0 dead    2662 left  delay=2.8s
    6057 enriched     0 dead    2637 left  delay=3.0s
    6082 enriched     0 dead    2612 left  delay=3.2s
    6107 enriched     0 dead    2587 left  delay=2.5s
    6132 enriched     0 dead    2562 left  delay=2.7s
    6157 enriched     0 dead    2537 left  delay=2.9s
    6182 enriched     0 dead    2512 left  delay=2.3s
    6207 enriched     0 dead    2487 left  delay=3.3s
    6232 enriched     0 dead    2462 left  delay=2.6s
    6257 enriched     0 dead    2437 left  delay=2.8s
    6282 enriched     0 dead    2412 left  delay=3.0s
    6307 enriched     0 dead    2387 left  delay=2.4s
    6332 enriched     0 dead    2362 left  delay=2.5s
    6357 enriched     0 dead    2337 left  delay=2.7s
    6382 enriched     0 dead    2312 left  delay=2.9s
    6407 enriched     0 dead    2287 left  delay=3.1s
    6432 enriched     0 dead    2262 left  delay=2.5s
    6457 enriched     0 dead    2237 left  delay=2.6s
    6482 enriched     0 dead    2212 left  delay=2.8s
    6507 enriched     0 dead    2187 left  delay=3.0s
    6532 enriched     0 dead    2162 left  delay=3.2s
    6557 enriched     0 dead    2137 left  delay=2.5s
    6582 enriched     0 dead    2112 left  delay=2.7s
    6607 enriched     0 dead    2087 left  delay=2.9s
    6632 enriched     0 dead    2062 left  delay=2.3s
    6657 enriched     0 dead    2037 left  delay=2.5s
    6682 enriched     0 dead    2012 left  delay=2.6s
    6707 enriched     0 dead    1987 left  delay=2.8s
    6732 enriched     0 dead    1962 left  delay=3.0s
    6757 enriched     0 dead    1937 left  delay=3.2s
    6782 enriched     0 dead    1912 left  delay=2.6s
    6807 enriched     0 dead    1887 left  delay=2.7s
    6832 enriched     0 dead    1862 left  delay=2.9s
    6857 enriched     0 dead    1837 left  delay=2.3s
    6882 enriched     0 dead    1812 left  delay=2.5s
    6907 enriched     0 dead    1787 left  delay=2.6s
    6932 enriched     0 dead    1762 left  delay=2.8s
    6957 enriched     0 dead    1737 left  delay=3.0s
    6982 enriched     0 dead    1712 left  delay=2.4s
    7007 enriched     0 dead    1687 left  delay=2.6s
    7032 enriched     0 dead    1662 left  delay=2.7s
    7057 enriched     0 dead    1637 left  delay=2.9s
    7082 enriched     0 dead    1612 left  delay=2.3s
    7107 enriched     0 dead    1587 left  delay=2.5s
    7132 enriched     0 dead    1562 left  delay=2.6s
    7157 enriched     0 dead    1537 left  delay=2.8s
    7182 enriched     0 dead    1512 left  delay=3.0s
    7206 enriched     1 dead    1487 left  delay=1.5s
    7231 enriched     1 dead    1462 left  delay=2.9s
    7256 enriched     1 dead    1437 left  delay=3.0s
    7281 enriched     1 dead    1412 left  delay=2.4s
    7306 enriched     1 dead    1387 left  delay=2.6s
    7331 enriched     1 dead    1362 left  delay=2.0s
    7356 enriched     1 dead    1337 left  delay=3.0s
    7381 enriched     1 dead    1312 left  delay=3.2s
    7406 enriched     1 dead    1287 left  delay=2.5s
    7431 enriched     1 dead    1262 left  delay=2.7s
    7456 enriched     1 dead    1237 left  delay=2.9s
    7481 enriched     1 dead    1212 left  delay=2.3s
    7506 enriched     1 dead    1187 left  delay=2.4s
    7531 enriched     1 dead    1162 left  delay=2.6s
    7556 enriched     1 dead    1137 left  delay=2.8s
    7581 enriched     1 dead    1112 left  delay=3.0s
    7606 enriched     1 dead    1087 left  delay=2.3s
    7631 enriched     1 dead    1062 left  delay=2.5s
    7656 enriched     1 dead    1037 left  delay=2.7s
    7681 enriched     1 dead    1012 left  delay=2.9s
    7706 enriched     1 dead     987 left  delay=3.1s
    7731 enriched     1 dead     962 left  delay=2.4s
    7756 enriched     1 dead     937 left  delay=2.6s
    7781 enriched     1 dead     912 left  delay=2.8s
    7806 enriched     1 dead     887 left  delay=3.0s
    7831 enriched     1 dead     862 left  delay=2.3s
    7856 enriched     1 dead     837 left  delay=2.5s
    7881 enriched     1 dead     812 left  delay=2.7s
    7906 enriched     1 dead     787 left  delay=2.9s
    7931 enriched     1 dead     762 left  delay=3.1s
    7956 enriched     1 dead     737 left  delay=2.4s
    7981 enriched     1 dead     712 left  delay=2.6s
    8006 enriched     1 dead     687 left  delay=2.8s
    8031 enriched     1 dead     662 left  delay=3.0s
    8056 enriched     1 dead     637 left  delay=3.2s
    8081 enriched     1 dead     612 left  delay=2.5s
    8106 enriched     1 dead     587 left  delay=2.7s
    8131 enriched     1 dead     562 left  delay=2.9s
    8156 enriched     1 dead     537 left  delay=2.3s
    8181 enriched     1 dead     512 left  delay=2.4s
    8206 enriched     1 dead     487 left  delay=2.6s
    8231 enriched     1 dead     462 left  delay=2.8s
    8256 enriched     1 dead     437 left  delay=2.2s
    8281 enriched     1 dead     412 left  delay=2.4s
    8306 enriched     1 dead     387 left  delay=2.5s
    8331 enriched     1 dead     362 left  delay=2.7s
    8356 enriched     1 dead     337 left  delay=2.9s
    8381 enriched     1 dead     312 left  delay=2.3s
    8406 enriched     1 dead     287 left  delay=2.4s
    8431 enriched     1 dead     262 left  delay=2.6s
    8456 enriched     1 dead     237 left  delay=2.8s
    8481 enriched     1 dead     212 left  delay=3.0s
    8506 enriched     1 dead     187 left  delay=3.2s
    8531 enriched     1 dead     162 left  delay=2.5s
    8556 enriched     1 dead     137 left  delay=2.7s
    8581 enriched     1 dead     112 left  delay=2.9s
    8606 enriched     1 dead      87 left  delay=3.1s
    8631 enriched     1 dead      62 left  delay=2.4s
    8656 enriched     1 dead      37 left  delay=2.6s
    8681 enriched     1 dead      12 left  delay=2.8s

DONE: 8693 enriched, 1 unreachable, 8694 indexed
